// Jest Snapshot v1, https://goo.gl/fbAQLP

exports[`Home Component should render Home component 1`] = `
<div
  className="container"
>
  <main
    className="main"
  >
    <h1
      className="title"
    >
      Welcome to Brackets Balance
    </h1>
    <p
      className="description"
    >
      To get started write
       
      <code
        className="code"
      >
        code
      </code>
    </p>
    <div
      className="grid"
    >
      <form
        onSubmit={[Function]}
      >
        <textarea
          className="textarea"
          id="code"
          name="code"
          onChange={[Function]}
          placeholder="Code"
          value=""
        />
        <br />
        <button
          type="submit"
        >
          Submit
        </button>
      </form>
    </div>
  </main>
  <footer
    className="footer"
  >
    <p>
      @Reinaldo Porto
    </p>
  </footer>
</div>
`;
